BL51 BANKED LINKER/LOCATER V6.22                                                        02/22/2015  18:44:15  PAGE 1


BL51 BANKED LINKER/LOCATER V6.22, INVOKED BY:
C:\KEIL4\C51\BIN\BL51.EXE switch001.obj TO switch001 RAMSIZE (256)


MEMORY MODEL: SMALL


INPUT MODULES INCLUDED:
  switch001.obj (SWITCH001)
  C:\KEIL4\C51\LIB\C51S.LIB (?C_STARTUP)
  C:\KEIL4\C51\LIB\C51S.LIB (?C?COPY)


LINK MAP OF MODULE:  switch001 (SWITCH001)


            TYPE    BASE      LENGTH    RELOCATION   SEGMENT NAME
            -----------------------------------------------------

            * * * * * * *   D A T A   M E M O R Y   * * * * * * *
            REG     0000H     0008H     ABSOLUTE     "REG BANK 0"
            DATA    0008H     002AH     UNIT         _DATA_GROUP_
            IDATA   0032H     0001H     UNIT         ?STACK

            * * * * * * *   C O D E   M E M O R Y   * * * * * * *
            CODE    0000H     0003H     ABSOLUTE     
                    0003H     07FDH                  *** GAP ***
            CODE    0800H     00F6H     UNIT         ?C?LIB_CODE
            CODE    08F6H     0066H     UNIT         ?PR?MAIN?SWITCH001
            CODE    095CH     0027H     UNIT         ?CO?SWITCH001
            CODE    0983H     000FH     UNIT         ?PR?DELAY?SWITCH001
            CODE    0992H     000CH     UNIT         ?C_C51STARTUP



OVERLAY MAP OF MODULE:   switch001 (SWITCH001)


SEGMENT                          DATA_GROUP 
  +--> CALLED SEGMENT          START    LENGTH
----------------------------------------------
?C_C51STARTUP                  -----    -----
  +--> ?PR?MAIN?SWITCH001

?PR?MAIN?SWITCH001             0008H    002AH
  +--> ?CO?SWITCH001
  +--> ?PR?DELAY?SWITCH001



SYMBOL TABLE OF MODULE:  switch001 (SWITCH001)

  VALUE           TYPE          NAME
  ----------------------------------

  -------         MODULE        SWITCH001
  C:0000H         SYMBOL        _ICE_DUMMY_
  D:0080H         PUBLIC        P0
BL51 BANKED LINKER/LOCATER V6.22                                                      02/22/2015  18:44:15  PAGE 2


  D:0090H         PUBLIC        P1
  D:00A0H         PUBLIC        P2
  D:00E8H         PUBLIC        XICON
  D:00B0H         PUBLIC        P3
  D:00C0H         PUBLIC        P4
  D:00A8H         PUBLIC        IE
  C:0983H         PUBLIC        delay
  D:00B8H         PUBLIC        IP
  C:08F6H         PUBLIC        main
  D:0098H         PUBLIC        SCON
  D:0088H         PUBLIC        TCON
  B:0090H.4       PUBLIC        P14
  B:0090H.5       PUBLIC        P15
  B:0090H.6       PUBLIC        P16
  B:0090H.7       PUBLIC        P17
  C:095CH         SYMBOL        _?ix1000
  D:00E0H         PUBLIC        ACC
  D:00C8H         PUBLIC        T2CON
  D:00D0H         PUBLIC        PSW
  -------         PROC          DELAY
  -------         DO            
  D:0006H         SYMBOL        t
  -------         ENDDO         
  C:0983H         LINE#         23
  C:0983H         LINE#         24
  C:0983H         LINE#         27
  C:0991H         LINE#         28
  -------         ENDPROC       DELAY
  -------         PROC          MAIN
  -------         DO            
  D:0008H         SYMBOL        rnd
  D:000AH         SYMBOL        random
  D:0005H         SYMBOL        x
  D:000BH         SYMBOL        rndList
  -------         ENDDO         
  C:08F6H         LINE#         30
  C:08F6H         LINE#         31
  C:08F6H         LINE#         32
  C:08FBH         LINE#         36
  C:090CH         LINE#         41
  C:090FH         LINE#         42
  C:0912H         LINE#         43
  C:0915H         LINE#         46
  C:0917H         LINE#         47
  C:0919H         LINE#         48
  C:091BH         LINE#         49
  C:091DH         LINE#         51
  C:091DH         LINE#         52
  C:091DH         LINE#         53
  C:0920H         LINE#         55
  C:0923H         LINE#         56
  C:0923H         LINE#         57
  C:0932H         LINE#         58
  C:0946H         LINE#         60
  C:0954H         LINE#         62
  C:0957H         LINE#         64
  C:095AH         LINE#         65
BL51 BANKED LINKER/LOCATER V6.22                                                      02/22/2015  18:44:15  PAGE 3


  -------         ENDPROC       MAIN
  -------         ENDMOD        SWITCH001

  -------         MODULE        ?C?COPY
  C:08D0H         PUBLIC        ?C?COPY
  -------         ENDMOD        ?C?COPY

******************************************************************************
* RESTRICTED VERSION WITH 0800H BYTE CODE SIZE LIMIT; USED: 009CH BYTE ( 7%) *
******************************************************************************

Program Size: data=51.0 xdata=0 code=417
LINK/LOCATE RUN COMPLETE.  0 WARNING(S),  0 ERROR(S)
